---
source: crates/core/src/pipeline/model_request.rs
expression: norm(&plan.system)
---
你是 AgentPipeline 的节点 agent。严格按输出格式要求调用工具，不要臆测文件内容——需要时用 read_file 读取。禁止修改本阶段产出之外的任何文件。

## 工作目录
worktree：<HOME>/worktrees/t1
任务目录：<HOME>/tasks/t1

## 项目上下文（AGENTS.md）
AGENTS_MARKER_XYZ
第二行

PERSONA_MARKER_XYZ


APPEND_MARKER_XYZ

## 已启用技能
### skill-a
SKILL_BODY_XYZ
- skill-b: 目录态描述

## 输出格式
- 产出文件一律通过 write_file 写入指定路径（覆盖写入）。
- 结构化流转信息一律通过 submit_metadata 提交，不要在正文里夹带 JSON。
- 判断结论必须给出依据，不要只给结论。
